[adamthemes.com/demo/html/ann/two/index.html]
[backblue.gif]
[fade.gif]
[index.html]
[adamthemes.com/demo/html/ann/two/img/favicon.png]
[adamthemes.com/demo/html/ann/two/css/font-awesome.min.css]
[adamthemes.com/demo/html/ann/two/css/themify-icons.css]
[adamthemes.com/demo/html/ann/two/css/bootstrap.min.css]
[adamthemes.com/demo/html/ann/two/css/owl.carousel.css]
[adamthemes.com/demo/html/ann/two/css/style.css]
[adamthemes.com/demo/html/ann/two/img/logo-dark.png]
[adamthemes.com/demo/html/ann/two/about.html]
[adamthemes.com/demo/html/ann/two/services.html]
[adamthemes.com/demo/html/ann/two/portfolio.html]
[adamthemes.com/demo/html/ann/two/blog.html]
[adamthemes.com/demo/html/ann/two/contact.html]
[adamthemes.com/demo/html/ann/two/img/slider/slider-01.jpg]
[adamthemes.com/demo/html/ann/two/img/slider/slider-02.jpg]
[adamthemes.com/demo/html/ann/two/img/signature.png]
[adamthemes.com/demo/html/ann/two/img/services/eye-makeup.jpg]
[adamthemes.com/demo/html/ann/two/img/services/children-makeup.jpg]
[adamthemes.com/demo/html/ann/two/img/services/effect-makeup.jpg]
[adamthemes.com/demo/html/ann/two/img/services/face-makeup.jpg]
[adamthemes.com/demo/html/ann/two/img/services/hair-makeup.jpg]
[adamthemes.com/demo/html/ann/two/img/services/wedding-makeup.jpg]
[adamthemes.com/demo/html/ann/two/img/logo-light.png]
[adamthemes.com/demo/html/ann/two/js/vendor/bootstrap.min.js]
[adamthemes.com/demo/html/ann/two/js/vendor/jquery-1.12.4.min.js]
[adamthemes.com/demo/html/ann/two/js/vendor/owl.carousel.min.js]
[adamthemes.com/demo/html/ann/two/js/vendor/imagesloaded.pkgd.min.js]
[adamthemes.com/demo/html/ann/two/js/vendor/jquery.isotope.v3.0.2.js]
[adamthemes.com/demo/html/ann/two/index.html]
[adamthemes.com/demo/html/ann/two/js/scripts.js]
[adamthemes.com/demo/html/ann/two/fonts/fontawesome-webfont-v=4.7.0.eot]
[adamthemes.com/demo/html/ann/two/fonts/fontawesome-webfont-.eot]
[adamthemes.com/demo/html/ann/two/fonts/fontawesome-webfont-v=4.7.0.woff2]
[adamthemes.com/demo/html/ann/two/fonts/fontawesome-webfont-v=4.7.0.woff]
[adamthemes.com/demo/html/ann/two/fonts/fontawesome-webfont-v=4.7.0.ttf]
[adamthemes.com/demo/html/ann/two/fonts/fontawesome-webfont-v=4.7.0.svg]
[adamthemes.com/demo/html/ann/two/css/font-awesome.min.css]
[adamthemes.com/demo/html/ann/two/fonts/themify--fvbane.eot]
[adamthemes.com/demo/html/ann/two/fonts/themify-.eot]
[adamthemes.com/demo/html/ann/two/fonts/themify--fvbane.woff]
[adamthemes.com/demo/html/ann/two/fonts/themify--fvbane.ttf]
[adamthemes.com/demo/html/ann/two/css/themify-icons.css]
[adamthemes.com/demo/html/ann/two/fonts/themify--fvbane.svg]
[adamthemes.com/demo/html/ann/two/css/bootstrap.min.css]
[adamthemes.com/demo/html/ann/two/css/owl.carousel.css]
[adamthemes.com/demo/html/ann/two/css/style.css]
[adamthemes.com/demo/html/ann/two/img/about.jpg]
[adamthemes.com/demo/html/ann/two/img/team/team-01.jpg]
[adamthemes.com/demo/html/ann/two/img/team/team-02.jpg]
[adamthemes.com/demo/html/ann/two/img/team/team-03.jpg]
[adamthemes.com/demo/html/ann/two/about.html]
[adamthemes.com/demo/html/ann/two/services.html]
[adamthemes.com/demo/html/ann/two/css/venobox/venobox.css]
[adamthemes.com/demo/html/ann/two/img/blog/post.jpg]
[adamthemes.com/demo/html/ann/two/img/portfolio/p-02.jpg]
[adamthemes.com/demo/html/ann/two/img/portfolio/p-01.jpg]
[adamthemes.com/demo/html/ann/two/img/portfolio/p-04.jpg]
[adamthemes.com/demo/html/ann/two/img/portfolio/p-03.jpg]
[adamthemes.com/demo/html/ann/two/js/vendor/venobox.min.js]
[adamthemes.com/demo/html/ann/two/portfolio.html]
[adamthemes.com/demo/html/ann/two/img/blog/blog-03.jpg]
[adamthemes.com/demo/html/ann/two/post.html]
[adamthemes.com/demo/html/ann/two/img/blog/blog-02.jpg]
[adamthemes.com/demo/html/ann/two/img/blog/blog-01.jpg]
[adamthemes.com/demo/html/ann/two/img/blog/blog-04.jpg]
[adamthemes.com/demo/html/ann/two/img/blog/blog-05.jpg]
[adamthemes.com/demo/html/ann/two/img/blog/blog-06.jpg]
[adamthemes.com/demo/html/ann/two/blog.html]
[adamthemes.com/demo/html/ann/two/js/vendor/googlemap.js]
[adamthemes.com/demo/html/ann/two/contact.html]
[adamthemes.com/demo/html/ann/two/img/services/effect-makeup.jpg]
[adamthemes.com/demo/html/ann/two/fonts/fontawesome-webfont-.eot]
[adamthemes.com/demo/html/ann/two/fonts/fontawesome-webfont-v=4.7.0.svg]
[adamthemes.com/demo/html/ann/two/fonts/themify--fvbane.svg]
[wowthemez.com/templates/elexer/css/owl.video.play.html]
[adamthemes.com/demo/html/ann/two/css/venobox/venobox.css]
[adamthemes.com/demo/html/ann/two/img/portfolio/p-01.jpg]
[adamthemes.com/demo/html/ann/two/img/blog/people-01.jpg]
[adamthemes.com/demo/html/ann/two/img/blog/people-02.jpg]
[adamthemes.com/demo/html/ann/two/post.html]
